---
source: src/acl/parser.rs
expression: result.unwrap()
---
ACLAst {
    entries: [
        Policy(
            PolicyBlock {
                name: "main",
                attributes: [
                    Action(
                        Allow,
                    ),
                ],
            },
        ),
        Policy(
            PolicyBlock {
                name: "main",
                attributes: [
                    Action(
                        Deny(
                            None,
                        ),
                    ),
                ],
            },
        ),
    ],
}
