---
source: src/acl/parser.rs
expression: result.unwrap()
---
ACLAst {
    entries: [
        Policy(
            PolicyBlock {
                name: "main",
                attributes: [
                    Action(
                        Deny(
                            Some(
                                "./my-explain.html",
                            ),
                        ),
                    ),
                ],
            },
        ),
    ],
}
